*****************************
 *************************** 
  *************************  
   ***********************   
    *********************    
     *******************     
      *****************      
       ***************       
        *************        
         ***********         
          *********          
           *******           
            *****            
             ***             
              *              
(c) Dusan FLP 2014
